// Jest Snapshot v1, https://goo.gl/fbAQLP

exports[`CriarTarefa should render correctly 1`] = `
<div>
  <h1>
    Create Task
  </h1>
  <form>
    <input
      placeholder="Adicionar tarefa"
      type="text"
    />
    <button
      type="submit"
    >
      Adicionar
    </button>
  </form>
</div>
`;
